// Jest Snapshot v1, https://goo.gl/fbAQLP

exports[`SigninComponent Tests Signin renders successfully 1`] = `
Object {
  "asFragment": [Function],
  "baseElement": <body>
    <div>
      <div
        class="signin-component"
      >
        <div
          class="shapes yellow-circle"
        />
        <div
          class="shapes green-circle"
        />
        <div
          class="shapes red-circle"
        />
        <h3>
          Sign In
        </h3>
        <div
          class="content"
        >
          <form>
            <div>
              <label
                class="input-label"
                for="email"
              >
                Email address
              </label>
              <input
                id="email"
                placeholder="Enter your Email address"
                type="text"
              />
            </div>
            <div
              class="password-panel"
            >
              <label
                class="input-label"
                for="password"
              >
                Password
              </label>
              <a
                class="forgot-label"
                href="#"
              >
                Forgot?
              </a>
              <input
                id="password"
                placeholder="Enter your password"
                type="password"
              />
            </div>
          </form>
        </div>
      </div>
    </div>
  </body>,
  "container": <div>
    <div
      class="signin-component"
    >
      <div
        class="shapes yellow-circle"
      />
      <div
        class="shapes green-circle"
      />
      <div
        class="shapes red-circle"
      />
      <h3>
        Sign In
      </h3>
      <div
        class="content"
      >
        <form>
          <div>
            <label
              class="input-label"
              for="email"
            >
              Email address
            </label>
            <input
              id="email"
              placeholder="Enter your Email address"
              type="text"
            />
          </div>
          <div
            class="password-panel"
          >
            <label
              class="input-label"
              for="password"
            >
              Password
            </label>
            <a
              class="forgot-label"
              href="#"
            >
              Forgot?
            </a>
            <input
              id="password"
              placeholder="Enter your password"
              type="password"
            />
          </div>
        </form>
      </div>
    </div>
  </div>,
  "debug": [Function],
  "findAllByAltText": [Function],
  "findAllByDisplayValue": [Function],
  "findAllByLabelText": [Function],
  "findAllByPlaceholderText": [Function],
  "findAllByRole": [Function],
  "findAllByTestId": [Function],
  "findAllByText": [Function],
  "findAllByTitle": [Function],
  "findByAltText": [Function],
  "findByDisplayValue": [Function],
  "findByLabelText": [Function],
  "findByPlaceholderText": [Function],
  "findByRole": [Function],
  "findByTestId": [Function],
  "findByText": [Function],
  "findByTitle": [Function],
  "getAllByAltText": [Function],
  "getAllByDisplayValue": [Function],
  "getAllByLabelText": [Function],
  "getAllByPlaceholderText": [Function],
  "getAllByRole": [Function],
  "getAllByTestId": [Function],
  "getAllByText": [Function],
  "getAllByTitle": [Function],
  "getByAltText": [Function],
  "getByDisplayValue": [Function],
  "getByLabelText": [Function],
  "getByPlaceholderText": [Function],
  "getByRole": [Function],
  "getByTestId": [Function],
  "getByText": [Function],
  "getByTitle": [Function],
  "queryAllByAltText": [Function],
  "queryAllByDisplayValue": [Function],
  "queryAllByLabelText": [Function],
  "queryAllByPlaceholderText": [Function],
  "queryAllByRole": [Function],
  "queryAllByTestId": [Function],
  "queryAllByText": [Function],
  "queryAllByTitle": [Function],
  "queryByAltText": [Function],
  "queryByDisplayValue": [Function],
  "queryByLabelText": [Function],
  "queryByPlaceholderText": [Function],
  "queryByRole": [Function],
  "queryByTestId": [Function],
  "queryByText": [Function],
  "queryByTitle": [Function],
  "rerender": [Function],
  "unmount": [Function],
}
`;
